Jan 23 06:25:18 webserver sshd[14738]: Connection from 182.100.67.119 port 58209 on 192.168.1.10 port 22
Jan 23 06:25:21 webserver sshd[14740]: pam_unix(sshd:auth): authentication failure; logname= uid=0 euid=0 tty=ssh ruser= rhost=182.100.67.119 user=root
Jan 23 06:25:23 webserver sshd[14740]: Failed password for root from 182.100.67.119 port 58211 ssh2
Jan 23 06:25:24 webserver sshd[14742]: Failed password for root from 153.99.182.3 port 63605 ssh2
Jan 23 06:25:25 webserver sshd[14740]: Failed password for root from 182.100.67.119 port 58211 ssh2
Jan 23 06:25:26 webserver sshd[14742]: Invalid user admin from 153.99.182.3 port 63607
Jan 23 06:25:27 webserver sshd[14740]: Failed password for root from 182.100.67.119 port 58211 ssh2
Jan 23 06:25:28 webserver sshd[14744]: Failed password for invalid user admin from 153.99.182.3 port 63609 ssh2
Jan 23 06:25:29 webserver sshd[14740]: Failed password for root from 182.100.67.119 port 58211 ssh2
Jan 23 06:25:30 webserver sshd[14744]: Failed password for invalid user test from 153.99.182.3 port 63611 ssh2
Jan 23 06:25:31 webserver sshd[14740]: Failed password for root from 182.100.67.119 port 58211 ssh2
Jan 23 06:25:32 webserver sshd[14746]: Connection from 198.51.100.42 port 45231 on 192.168.1.10 port 22
Jan 23 06:25:33 webserver sshd[14744]: Failed password for invalid user guest from 153.99.182.3 port 63613 ssh2
Jan 23 06:25:34 webserver sshd[14740]: Failed password for root from 182.100.67.119 port 58211 ssh2
Jan 23 06:25:35 webserver sshd[14748]: Failed password for ubuntu from 198.51.100.42 port 45233 ssh2
Jan 23 06:25:36 webserver sshd[14744]: Failed password for invalid user oracle from 153.99.182.3 port 63615 ssh2
Jan 23 06:25:37 webserver sshd[14740]: Connection closed by 182.100.67.119 port 58211
Jan 23 06:25:38 webserver sshd[14748]: Failed password for ubuntu from 198.51.100.42 port 45233 ssh2
Jan 23 06:25:39 webserver sshd[14744]: Failed password for invalid user mysql from 153.99.182.3 port 63617 ssh2
Jan 23 06:25:40 webserver sshd[14750]: Connection from 203.0.113.15 port 33445 on 192.168.1.10 port 22
Jan 23 06:25:41 webserver sshd[14748]: Failed password for ubuntu from 198.51.100.42 port 45233 ssh2
Jan 23 06:25:42 webserver sshd[14744]: Failed password for invalid user postgres from 153.99.182.3 port 63619 ssh2
Jan 23 06:25:43 webserver sshd[14752]: Failed password for root from 203.0.113.15 port 33447 ssh2
Jan 23 06:25:44 webserver sshd[14748]: Failed password for ubuntu from 198.51.100.42 port 45233 ssh2
Jan 23 06:25:45 webserver sshd[14744]: Connection closed by 153.99.182.3 port 63619
Jan 23 06:25:46 webserver sshd[14752]: Failed password for root from 203.0.113.15 port 33447 ssh2
Jan 23 06:25:47 webserver sshd[14748]: Failed password for ubuntu from 198.51.100.42 port 45233 ssh2
Jan 23 06:25:48 webserver sshd[14752]: Failed password for admin from 203.0.113.15 port 33447 ssh2
Jan 23 06:25:49 webserver sshd[14748]: Connection closed by 198.51.100.42 port 45233
Jan 23 06:25:50 webserver sshd[14752]: Failed password for admin from 203.0.113.15 port 33447 ssh2
Jan 23 06:26:15 webserver sshd[14754]: Accepted password for user1 from 192.168.1.25 port 54321 ssh2
Jan 23 06:26:30 webserver sudo: user1 : TTY=pts/0 ; PWD=/home/user1 ; USER=root ; COMMAND=/bin/ls
Jan 23 06:27:45 webserver sshd[14756]: Connection closed by 203.0.113.15 port 33447
